/*
 * Copyright (C) 2026 Huawei Device Co., Ltd.
 * Licensed under the Apache License, Version 2.0 (the "License");
 * you may not use this file except in compliance with the License.
 * You may obtain a copy of the License at
 *
 *    http://www.apache.org/licenses/LICENSE-2.0
 *
 * Unless required by applicable law or agreed to in writing, software
 * distributed under the License is distributed on an "AS IS" BASIS,
 * WITHOUT WARRANTIES OR CONDITIONS OF ANY KIND, either express or implied.
 * See the License for the specific language governing permissions and
 * limitations under the License.
 */

1.0 {
  global:
    OHOS_EXTENSION_GetExtensionModule;
    extern "C++" {
      # guard variable for OHOS::Singleton<OHOS::EventFwk::StaticSubscriberExtensionModuleLoader>::instance_;
      "OHOS::EventFwk::CreateStsExtension(std::__h::unique_ptr<OHOS::AbilityRuntime::Runtime, std::__h::default_delete<OHOS::AbilityRuntime::Runtime> > const&)";
      OHOS::EventFwk::StaticSubscriberExtensionModuleLoader*;
      "OHOS::Singleton<OHOS::EventFwk::StaticSubscriberExtensionModuleLoader>::instance_";
      vtable?for?OHOS::EventFwk::StaticSubscriberExtensionModuleLoader;
      non-virtual?thunk?to?OHOS::EventFwk::StaticSubscriberExtensionModuleLoader::*;
      OHOS::AbilityRuntime::ExtensionBase*;
    };
    _fini;
    _init;
  local:
    *;
};
